width=40
height=40
startLeft=4
startTop=3
startBottom=4
startRight=7
startCenter=20,17

##.###.#####.###.#####.###.#####.###.###
....##.###....##.###....##.###....##.###
###.##.######.##.######.##.######.##.###
##.....#####.....#####...M.#####.....###
###....######....######....######..E.###
###....######....######....######....###
...E................E...................
###.##.######.##.######.##.######.##.###
###.##.######.##.######.##.######.##.###
###.##.######.##.######.##.######.##.###
##.###.#####.###.#####.###.#####.###.###
....##.###....##.###....##.###....##.###
###.##.######.##.######.##.######.##.###
##.....#####.....#####.....#####.....###
###....######....######....######....###
###....######....######....######....###
....M.....E.....................E.......
###.##.######.##.######.##.######.##.###
###.##.######.##.######.##.######.##.###
###.##.######.##.######.##.######.##.###
##.###.#####.###.#####.###.#####.###.###
....##.###....##.###....##.###....##.###
###.##.######.##.######.##.######.##.###
##.....#####.....#####.....#####.....###
###....######....######....######....###
###....######....######.E..######....###
...E...............E...............E....
###.##.######.##.######.##.######.##.###
###.##.######.##.######.##.######.##.###
###.##.######.##.######.##.######.##.###
##.###.#####.###.#####.###.#####.###.###
....##.###....##.###....##.###....##.###
###.##.######.##.######.##.######.##.###
##.....#####.....#####.....#####.....###
###....######....######..M.######....###
###....######....######....######....###
..........E......................E......
###.##.######.##.######.##.######.##.###
###.##.######.##.######.##.######.##.###
###.##.######.##.######.##.######.##.###

#2

#....##.##.###.###..#....##.##.###.###..
#....##.##.###.###..#....##.##.###.###..
#....##.##.###.###..#....##.##.###.###..
#....#....########..#....#....########..
##..#......#######..##..#......#######..
##.###############..##.###############..
###.........######..###.........######..
##...........#####..##...........#####..
#....##.##.###.###..#....##.##.###.###..
#....##.##.###.###..#....##.##.###.###..
#....##.##.###.###..#....##.##.###.###..
#....##.##.###.###..#....##.##.###.###..
#....##.##.###.###..#....##.##.###.###..
#....#....########..#....#....########..
##..#......#######..##..#......#######..
##.###############..##.###############..
###.........######..###.........######..
##...........#####..##...........#####..
#....##.##.###.###..#....##.##.###.###..
#....##.##.###.###..#....##.##.###.###..
#....##.##.###.###..#....##.##.###.###..
#....##.##.###.###..#....##.##.###.###..
#....##.##.###.###..#....##.##.###.###..
#....#....########..#....#....########..
##..#......#######..##..#......#######..
##.###############..##.###############..
###.........######..###.........######..
##...........#####..##...........#####..
#....##.##.###.###..#....##.##.###.###..
#....##.##.###.###..#....##.##.###.###..
#....##.##.###.###..#....##.##.###.###..
#....##.##.###.###..#....##.##.###.###..
#....##.##.###.###..#....##.##.###.###..
#....#....########..#....#....########..
##..#......#######..##..#......#######..
##.###############..##.###############..
###.........######..###.........######..
##...........#####..##...........#####..
#....##.##.###.###..#....##.##.###.###..
#....##.##.###.###..#....##.##.###.###..

#3

...########...##...########...###..###..
...#.....##...###...#.....##...####...##
...#.....##...###...#.....##...###....##
.##########...###...##########...###...#
..#......##...###..#......##...###.....#
..#......##...###..#......##...###....##
..##....###..###..##....###..#####..####
...########...##...########...###..###..
...#.....##...###...#.....##...####...##
...#.....##...###...#.....##...###....##
.##########...###...##########...###...#
..#......##...###..#......##...###.....#
..#......##...###..#......##...###....##
..##....###..###..##....###..#####..####
...########...##...########...###..###..
...#.....##...###...#.....##...####...##
...#.....##...###...#.....##...###....##
.##########...###...##########...###...#
..#......##...###..#......##...###.....#
..#......##...###..#......##...###....##
..##....###..###..##....###..#####..####
...########...##...########...###..###..
...#.....##...###...#.....##...####...##
...#.....##...###...#.....##...###....##
.##########...###...##########...###...#
..#......##...###..#......##...###.....#
..#......##...###..#......##...###....##
..##....###..###..##....###..#####..####
...########...##...########...###..###..
...#.....##...###...#.....##...####...##
...#.....##...###...#.....##...###....##
.##########...###...##########...###...#
..#......##...###..#......##...###.....#
..#......##...###..#......##...###....##
..##....###..###..##....###..#####..####
...########...##...########...###..###..
...#.....##...###...#.....##...####...##
...#.....##...###...#.....##...###....##
.##########...###...##########...###...#
..#......##...###..#......##...###.....#

#4

#######...#######.########....#######...
#......#####.......##.........#.....####
##.......###.##....######.....###....##.
#......###.......#####>........##....#..
###......#####...##########.....########
########..#######.#########....#########
#######...#######.########....#######...
#......#####.......##.........#.....####
##.......###.##....######.....###....##.
#......###.......#####>........##....#..
###......#####...##########.....########
########..#######.#########....#########
#######...#######.########....#######...
#......#####.......##.........#.....####
##.......###.##....######.....###....##.
#......###.......#####>........##....#..
###......#####...##########.....########
########..#######.#########....#########
#######...#######.########....#######...
#......#####.......##.........#.....####
##.......###.##....######.....###....##.
#......###.......#####>........##....#..
###......#####...##########.....########
########..#######.#########....#########
#######...#######.########....#######...
#......#####.......##.........#.....####
##.......###.##....######.....###....##.
#......###.......#####>........##....#..
###......#####...##########.....########
########..#######.#########....#########
#######...#######.########....#######...
#......#####.......##.........#.....####
##.......###.##....######.....###....##.
#......###.......#####>........##....#..
###......#####...##########.....########
########..#######.#########....#########
#######...#######.########....#######...
#......#####.......##.........#.....####
##.......###.##....######.....###....##.
#......###.......#####>........##....#..

#4


#######...#######.########....#######...
#....###..#....###..#######...#######.##
#....##....#....##...#....##....#....##.
#....###..#...####.#...####..#...#####..
#....###.#....###..#....###.#....#####..
#.#####...#.#####..#.#####...#.#####...#
#######...#######.########....#######...
#....###..#....###..#######...#######.##
#....##....#....##...#....##....#....##.
#....###..#...####.#...####..#...#####..
#....###.#....###..#....###.#....#####..
#.#####...#.#####..#.#####...#.#####...#
#######...#######.########....#######...
#....###..#....###..#######...#######.##
#....##....#....##...#....##....#....##.
#....###..#...####.#...####..#...#####..
#....###.#....###..#....###.#....#####..
#.#####...#.#####..#.#####...#.#####...#
#######...#######.########....#######...
#....###..#....###..#######...#######.##
#....##....#....##...#....##....#....##.
#....###..#...####.#...####..#...#####..
#....###.#....###..#....###.#....#####..
#.#####...#.#####..#.#####...#.#####...#
#######...#######.########....#######...
#....###..#....###..#######...#######.##
#....##....#....##...#....##....#....##.
#....###..#...####.#...####..#...#####..
#....###.#....###..#....###.#....#####..
#.#####...#.#####..#.#####...#.#####...#
#######...#######.########....#######...
#....###..#....###..#######...#######.##
#....##....#....##...#....##....#....##.
#....###..#...####.#...####..#...#####..
#....###.#....###..#....###.#....#####..
#.#####...#.#####..#.#####...#.#####...#
#######...#######.########....#######...
#....###..#....###..#######...#######.##
#....##....#....##...#....##....#....##.
#....###..#...####.#...####..#...#####..

#5

##############.......##############.....
###.....#.....####...###..........#####.
####....#.....####..#####........######.
#.......#......##..###............####..
##############....#################....#
####....#....#......#####.........#.....
##.......#..#######..###..........######
##....#.......####..###....#.......####.
#############...###.#############...###.
##############.......##############.....
###.....#.....####...###..........#####.
####....#.....####..#####........######.
#.......#......##..###............####..
##############....#################....#
####....#....#......#####.........#.....
##.......#..#######..###..........######
##....#.......####..###....#.......####.
#############...###.#############...###.
##############.......##############.....
###.....#.....####...###..........#####.
####....#.....####..#####........######.
#.......#......##..###............####..
##############....#################....#
####....#....#......#####.........#.....
##.......#..#######..###..........######
##....#.......####..###....#.......####.
#############...###.#############...###.
##############.......##############.....
###.....#.....####...###..........#####.
####....#.....####..#####........######.
#.......#......##..###............####..
##############....#################....#
####....#....#......#####.........#.....
##.......#..#######..###..........######
##....#.......####..###....#.......####.
#############...###.#############...###.
##############.......##############.....
###.....#.....####...###..........#####.
####....#.....####..#####........######.
#.......#......##..###............####..

#6

##########..############.###########.###
###........#####....#..##.###.....##..##
###.....######.#####...####......#######
###........###..........###......#######
#########....#########....########......
###......#...###.......#####.....###..##
###...#.....##.....#....#..#....#...##..
###.....#...##....#.......##......######
##########..############.###########.###
###........#####....#..##.###.....##..##
###.....######.#####...####......#######
###........###..........###......#######
#########....#########....########......
###......#...###.......#####.....###..##
###...#.....##.....#....#..#....#...##..
###.....#...##....#.......##......######
##########..############.###########.###
###........#####....#..##.###.....##..##
###.....######.#####...####......#######
###........###..........###......#######
#########....#########....########......
###......#...###.......#####.....###..##
###...#.....##.....#....#..#....#...##..
###.....#...##....#.......##......######
##########..############.###########.###
###........#####....#..##.###.....##..##
###.....######.#####...####......#######
###........###..........###......#######
#########....#########....########......
###......#...###.......#####.....###..##
###...#.....##.....#....#..#....#...##..
###.....#...##....#.......##......######
##########..############.###########.###
###........#####....#..##.###.....##..##
###.....######.#####...####......#######
###........###..........###......#######
#########....#########....########......
###......#...###.......#####.....###..##
###...#.....##.....#....#..#....#...##..
###.....#...##....#.......##......######

#7

########...########...#########....#####.
###....#...##.....#...###.....#....##..#.
#......#...#......#...#......#...  #.....
#........#.#......#...#............#.....
#....#.###.#..#.###...##....###....#.###.
##.....#####....####..#..####..... ####..
###....#####...####...#####....#...###...
########################################.
########...########...#########....#####.
###....#...##.....#...###.....#....##..#.
#......#...#......#...#......#...  #.....
#........#.#......#...#............#.....
#....#.###.#..#.###...##....###....#.###.
##.....#####....####..#..####..... ####..
###....#####...####...#####....#...###...
########################################.
########...########...#########....#####.
###....#...##.....#...###.....#....##..#.
#......#...#......#...#......#...  #.....
#........#.#......#...#............#.....
#....#.###.#..#.###...##....###....#.###.
##.....#####....####..#..####..... ####..
###....#####...####...#####....#...###...
########################################.
########...########...#########....#####.
###....#...##.....#...###.....#....##..#.
#......#...#......#...#......#...  #.....
#........#.#......#...#............#.....
#....#.###.#..#.###...##....###....#.###.
##.....#####....####..#..####..... ####..
###....#####...####...#####....#...###...
########################################.
########...########...#########....#####.
###....#...##.....#...###.....#....##..#.
#......#...#......#...#......#...  #.....
#........#.#......#...#............#.....
#....#.###.#..#.###...##....###....#.###.
##.....#####....####..#..####..... ####..
###....#####...####...#####....#...###...
########################################.

#8

####...####...####...####...###...##...##
####...####...####...####...###...##...##
####...###....#####..####...####.###...##
###########...###########..########....#.
###....####...####....##...##...####..#..
##......###...##.......#....#...###....#.
##......###...###.....###..##....###...##
####...####...####...####...###...##...##
####...####...####...####...###...##...##
####...###....#####..####...####.###...##
###########...###########..########....#.
###....####...####....##...##...####..#..
##......###...##.......#....#...###....#.
##......###...###.....###..##....###...##
####...####...####...####...###...##...##
####...####...####...####...###...##...##
####...###....#####..####...####.###...##
###########...###########..########....#.
###....####...####....##...##...####..#..
##......###...##.......#....#...###....#.
##......###...###.....###..##....###...##
####...####...####...####...###...##...##
####...####...####...####...###...##...##
####...###....#####..####...####.###...##
###########...###########..########....#.
###....####...####....##...##...####..#..
##......###...##.......#....#...###....#.
##......###...###.....###..##....###...##
####...####...####...####...###...##...##
####...####...####...####...###...##...##
####...###....#####..####...####.###...##
###########...###########..########....#.
###....####...####....##...##...####..#..
##......###...##.......#....#...###....#.
##......###...###.....###..##....###...##
####...####...####...####...###...##...##
####...####...####...####...###...##...##
####...###....#####..####...####.###...##
###########...###########..########....#.
###....####...####....##...##...####..#..

#9

...#......##......###......##########....
..###....####....#####....####.....###...
...#......##......###......####...###....
.............................######......
.####...#####...######...................
.####...#####...######......#########....
.####...#####...######......#########....
.####...#####...######......#########....
.####...#####...######......#########....
.####...#####...######......#########....
...#......##......###......##########....
..###....####....#####....####.....###...
...#......##......###......####...###....
.............................######......
.####...#####...######...................
.####...#####...######......#########....
.####...#####...######......#########....
.####...#####...######......#########....
.####...#####...######......#########....
.####...#####...######......#########....
...#......##......###......##########....
..###....####....#####....####.....###...
...#......##......###......####...###....
.............................######......
.####...#####...######...................
.####...#####...######......#########....
.####...#####...######......#########....
.####...#####...######......#########....
.####...#####...######......#########....
.####...#####...######......#########....
...#......##......###......##########....
..###....####....#####....####.....###...
...#......##......###......####...###....
.............................######......
.####...#####...######...................
.####...#####...######......#########....
.####...#####...######......#########....
.####...#####...######......#########....
.####...#####...######......#########....
.####...#####...######......#########....

#10

...######......########......#######....#
...######......########......######.....#
......#....#......#.......#.....#.....###
......#....#......#.......#.....#.....###
......#....##.....#......##.....#.....###
......#....##.....#......##.....#....####
.....##...####...##......##....##....#..#
....##....####..##.......##...##.....####
...#...........#.............#....####.##
...######......########......#######....#
...######......########......######.....#
......#....#......#.......#.....#.....###
......#....#......#.......#.....#.....###
......#....##.....#......##.....#.....###
......#....##.....#......##.....#....####
.....##...####...##......##....##....#..#
....##....####..##.......##...##.....####
...#...........#.............#....####.##
...######......########......#######....#
...######......########......######.....#
......#....#......#.......#.....#.....###
......#....#......#.......#.....#.....###
......#....##.....#......##.....#.....###
......#....##.....#......##.....#....####
.....##...####...##......##....##....#..#
....##....####..##.......##...##.....####
...#...........#.............#....####.##
...######......########......#######....#
...######......########......######.....#
......#....#......#.......#.....#.....###
......#....#......#.......#.....#.....###
......#....##.....#......##.....#.....###
......#....##.....#......##.....#....####
.....##...####...##......##....##....#..#
....##....####..##.......##...##.....####
...#...........#.............#....####.##
...######......########......#######....#
...######......########......######.....#
......#....#......#.......#.....#.....###
......#....#......#.......#.....#.....###

#11

##......###.....##.....###........##....#
##.....####.....##....####......####....#
##....#####.....##...#####.....#####....#
##..#######.....##..######.......###....#
#####........#..######.......##...##..##.
##..##.......#..##....##.....##..##..###.
##..###......#..##....###....##..##..###.
##..####.....#..##....#####..##..##..###.
##..#####....#..##.....#####.##..##..###.
##......###.....##.....###........##....#
##.....####.....##....####......####....#
##....#####.....##...#####.....#####....#
##..#######.....##..######.......###....#
#####........#..######.......##...##..##.
##..##.......#..##....##.....##..##..###.
##..###......#..##....###....##..##..###.
##..####.....#..##....#####..##..##..###.
##..#####....#..##.....#####.##..##..###.
##......###.....##.....###........##....#
##.....####.....##....####......####....#
##....#####.....##...#####.....#####....#
##..#######.....##..######.......###....#
#####........#..######.......##...##..##.
##..##.......#..##....##.....##..##..###.
##..###......#..##....###....##..##..###.
##..####.....#..##....#####..##..##..###.
##..#####....#..##.....#####.##..##..###.
##......###.....##.....###........##....#
##.....####.....##....####......####....#
##....#####.....##...#####.....#####....#
##..#######.....##..######.......###....#
#####........#..######.......##...##..##.
##..##.......#..##....##.....##..##..###.
##..###......#..##....###....##..##..###.
##..####.....#..##....#####..##..##..###.
##..#####....#..##.....#####.##..##..###.
##......###.....##.....###........##....#
##.....####.....##....####......####....#
##....#####.....##...#####.....#####....#
##..#######.....##..######.......###....#

#11

###......###.....###.....####......###...
###......###.....###.....#####.....###...
####.....####.....###.....####.....###...
########..#######..######..######...#####
###......###.....###.....####......###...
###......###.....###.....#####.....###...
####.....####.....###.....####.....###...
########..#######..######..######...#####
###......###.....###.....####......###...
###......###.....###.....#####.....###...
####.....####.....###.....####.....###...
########..#######..######..######...#####
###......###.....###.....####......###...
###......###.....###.....#####.....###...
####.....####.....###.....####.....###...
########..#######..######..######...#####
###......###.....###.....####......###...
###......###.....###.....#####.....###...
####.....####.....###.....####.....###...
########..#######..######..######...#####
###......###.....###.....####......###...
###......###.....###.....#####.....###...
####.....####.....###.....####.....###...
########..#######..######..######...#####
###......###.....###.....####......###...
###......###.....###.....#####.....###...
####.....####.....###.....####.....###...
########..#######..######..######...#####
###......###.....###.....####......###...
###......###.....###.....#####.....###...
####.....####.....###.....####.....###...
########..#######..######..######...#####
###......###.....###.....####......###...
###......###.....###.....#####.....###...
####.....####.....###.....####.....###...
########..#######..######..######...#####
###......###.....###.....####......###...
###......###.....###.....#####.....###...
####.....####.....###.....####.....###...
########..#######..######..######...#####

#12

#####...######......######....######...##
######.#######...#..#######..#######...##
##############...#..################...##
##...###....##...#..####......######...##
##...###....##...#..####......######...##
##...###....##...#..####......######...##
.........................................
#####...######......######....######...##
######.#######...#..#######..#######...##
##############...#..################...##
##...###....##...#..####......######...##
##...###....##...#..####......######...##
##...###....##...#..####......######...##
.........................................
#####...######......######....######...##
######.#######...#..#######..#######...##
##############...#..################...##
##...###....##...#..####......######...##
##...###....##...#..####......######...##
##...###....##...#..####......######...##
.........................................
#####...######......######....######...##
######.#######...#..#######..#######...##
##############...#..################...##
##...###....##...#..####......######...##
##...###....##...#..####......######...##
##...###....##...#..####......######...##
.........................................
#####...######......######....######...##
######.#######...#..#######..#######...##
##############...#..################...##
##...###....##...#..####......######...##
##...###....##...#..####......######...##
##...###....##...#..####......######...##
.........................................
#####...######......######....######...##
######.#######...#..#######..#######...##
##############...#..################...##
##...###....##...#..####......######...##
##...###....##...#..####......######...##

#13

##........##....##........##.......##....
###.......##....###.......##.......###...
#.##......##....#.##......##.......#.##..
#..##.....##....#..##.....##...#...#..##.
#...##....##....#...##....##...#...#...##
#....##...##....#....##...##...#...#...##
#.....######....#....#######...#...#....#
##........##....##........##.......##....
###.......##....###.......##.......###...
#.##......##....#.##......##.......#.##..
#..##.....##....#..##.....##...#...#..##.
#...##....##....#...##....##...#...#...##
#....##...##....#....##...##...#...#...##
#.....######....#....#######...#...#....#
##........##....##........##.......##....
###.......##....###.......##.......###...
#.##......##....#.##......##.......#.##..
#..##.....##....#..##.....##...#...#..##.
#...##....##....#...##....##...#...#...##
#....##...##....#....##...##...#...#...##
#.....######....#....#######...#...#....#
##........##....##........##.......##....
###.......##....###.......##.......###...
#.##......##....#.##......##.......#.##..
#..##.....##....#..##.....##...#...#..##.
#...##....##....#...##....##...#...#...##
#....##...##....#....##...##...#...#...##
#.....######....#....#######...#...#....#
##........##....##........##.......##....
###.......##....###.......##.......###...
#.##......##....#.##......##.......#.##..
#..##.....##....#..##.....##...#...#..##.
#...##....##....#...##....##...#...#...##
#....##...##....#....##...##...#...#...##
#.....######....#....#######...#...#....#
##........##....##........##.......##....
###.......##....###.......##.......###...
#.##......##....#.##......##.......#.##..
#..##.....##....#..##.....##...#...#..##.
#...##....##....#...##....##...#...#...##

#14

..#######...##########...##########..####
.###....##..####....###.####......#.#....
###......##.####....###.####.....##.#....
####....##...###....###.####.....##..#...
..###..##....###....###.####.....##...#..
...#####.....###....###.####.....##....#.
.............##########.###########......
..#######...##########...##########..####
.###....##..####....###.####......#.#....
###......##.####....###.####.....##.#....
####....##...###....###.####.....##..#...
..###..##....###....###.####.....##...#..
...#####.....###....###.####.....##....#.
.............##########.###########......
..#######...##########...##########..####
.###....##..####....###.####......#.#....
###......##.####....###.####.....##.#....
####....##...###....###.####.....##..#...
..###..##....###....###.####.....##...#..
...#####.....###....###.####.....##....#.
.............##########.###########......
..#######...##########...##########..####
.###....##..####....###.####......#.#....
###......##.####....###.####.....##.#....
####....##...###....###.####.....##..#...
..###..##....###....###.####.....##...#..
...#####.....###....###.####.....##....#.
.............##########.###########......
..#######...##########...##########..####
.###....##..####....###.####......#.#....
###......##.####....###.####.....##.#....
####....##...###....###.####.....##..#...
..###..##....###....###.####.....##...#..
...#####.....###....###.####.....##....#.
.............##########.###########......
..#######...##########...##########..####
.###....##..####....###.####......#.#....
###......##.####....###.####.....##.#....
####....##...###....###.####.....##..#...
..###..##....###....###.####.....##...#..

#15

..############......##############.......
..##........##......##..........##.......
..##........##......##..........##.......
..##........##......##..........##.......
..##........##......##..........##.......
..##....#...##......##.....##...##......#
..##....##..##.....###......###.##.....##
..##.....#####......##......######....###
..############......##############...####
...........##..................##...#####
..############......##############.......
..##........##......##..........##.......
..##........##......##..........##.......
..##........##......##..........##.......
..##........##......##..........##.......
..##....#...##......##.....##...##......#
..##....##..##.....###......###.##.....##
..##.....#####......##......######....###
..############......##############...####
...........##..................##...#####
..############......##############.......
..##........##......##..........##.......
..##........##......##..........##.......
..##........##......##..........##.......
..##........##......##..........##.......
..##....#...##......##.....##...##......#
..##....##..##.....###......###.##.....##
..##.....#####......##......######....###
..############......##############...####
...........##..................##...#####
..############......##############.......
..##........##......##..........##.......
..##........##......##..........##.......
..##........##......##..........##.......
..##........##......##..........##.......
..##....#...##......##.....##...##......#
..##....##..##.....###......###.##.....##
..##.....#####......##......######....###
..############......##############...####
...........##..................##...#####


#16

########...########...########...########
###...###..###...###..###...###..###...##
###...##...###...##...###...##...###...##
###..##....###..##....###..##....###..##.
###.##.....###.##.....###.##.....###.##..
###.###....###.###....###.###....###.###.
###...##...###...##...###...##...###...##
###....##..###....##..###....##..###....#
#########################################
########...########...########...########
###...###..###...###..###...###..###...##
###...##...###...##...###...##...###...##
###..##....###..##....###..##....###..##.
###.##.....###.##.....###.##.....###.##..
###.###....###.###....###.###....###.###.
###...##...###...##...###...##...###...##
###....##..###....##..###....##..###....#
#########################################
########...########...########...########
###...###..###...###..###...###..###...##
###...##...###...##...###...##...###...##
###..##....###..##....###..##....###..##.
###.##.....###.##.....###.##.....###.##..
###.###....###.###....###.###....###.###.
###...##...###...##...###...##...###...##
###....##..###....##..###....##..###....#
#########################################
########...########...########...########
###...###..###...###..###...###..###...##
###...##...###...##...###...##...###...##
###..##....###..##....###..##....###..##.
###.##.....###.##.....###.##.....###.##..
###.###....###.###....###.###....###.###.
###...##...###...##...###...##...###...##
###....##..###....##..###....##..###....#
#########################################
########...########...########...########
###...###..###...###..###...###..###...##
###...##...###...##...###...##...###...##
###..##....###..##....###..##....###..##.


#17

...########.........##########.......####
...####......#.#....######......#.#..##..
....####.....#.#.....######.....#.#..##..
#....####....#.#......######....#.#..##..
#.....#####..#.#.......#######..#.#..##..
#....#####...#.#......######....#.#..##..
#...####.....#.#.....######.....#.#..##..
#######......#.#..########......#.#..##..
...########.........##########.......####
...####......#.#....######......#.#..##..
....####.....#.#.....######.....#.#..##..
#....####....#.#......######....#.#..##..
#.....#####..#.#.......#######..#.#..##..
#....#####...#.#......######....#.#..##..
#...####.....#.#.....######.....#.#..##..
#######......#.#..########......#.#..##..
...########.........##########.......####
...####......#.#....######......#.#..##..
....####.....#.#.....######.....#.#..##..
#....####....#.#......######....#.#..##..
#.....#####..#.#.......#######..#.#..##..
#....#####...#.#......######....#.#..##..
#...####.....#.#.....######.....#.#..##..
#######......#.#..########......#.#..##..
...########.........##########.......####
...####......#.#....######......#.#..##..
....####.....#.#.....######.....#.#..##..
#....####....#.#......######....#.#..##..
#.....#####..#.#.......#######..#.#..##..
#....#####...#.#......######....#.#..##..
#...####.....#.#.....######.....#.#..##..
#######......#.#..########......#.#..##..
...########.........##########.......####
...####......#.#....######......#.#..##..
....####.....#.#.....######.....#.#..##..
#....####....#.#......######....#.#..##..
#.....#####..#.#.......#######..#.#..##..
#....#####...#.#......######....#.#..##..
#...####.....#.#.....######.....#.#..##..
#######......#.#..########......#.#..##..

#18

########.....##########......##########..
########.....##########......##########..
...##.....#......##.......#......##......
...##.....#......##.......#......##......
...##.....#......##.......#......##......
...##.....#......##.......#......##......
...##............##..............##......
########.....##########......##########..
########.....##########......##########..
...##.....#......##.......#......##......
...##.....#......##.......#......##......
...##.....#......##.......#......##......
...##.....#......##.......#......##......
...##............##..............##......
########.....##########......##########..
########.....##########......##########..
...##.....#......##.......#......##......
...##.....#......##.......#......##......
...##.....#......##.......#......##......
...##.....#......##.......#......##......
...##............##..............##......
########.....##########......##########..
########.....##########......##########..
...##.....#......##.......#......##......
...##.....#......##.......#......##......
...##.....#......##.......#......##......
...##.....#......##.......#......##......
...##............##..............##......
########.....##########......##########..
########.....##########......##########..
...##.....#......##.......#......##......
...##.....#......##.......#......##......
...##.....#......##.......#......##......
...##.....#......##.......#......##......
...##............##..............##......
########.....##########......##########..
########.....##########......##########..
...##.....#......##.......#......##......
...##.....#......##.......#......##......
...##.....#......##.......#......##......

#19

######......#######.....#######........##
######......#######.....#######........##
######......#######.....#######........##
.######....#######.......#######......##.
..######..#######.........########...##..
...######.######...........########.##...
....###########..............########....
######......#######.....#######........##
######......#######.....#######........##
######......#######.....#######........##
.######....#######.......#######......##.
..######..#######.........########...##..
...######.######...........########.##...
....###########..............########....
######......#######.....#######........##
######......#######.....#######........##
######......#######.....#######........##
.######....#######.......#######......##.
..######..#######.........########...##..
...######.######...........########.##...
....###########..............########....
######......#######.....#######........##
######......#######.....#######........##
######......#######.....#######........##
.######....#######.......#######......##.
..######..#######.........########...##..
...######.######...........########.##...
....###########..............########....
######......#######.....#######........##
######......#######.....#######........##
######......#######.....#######........##
.######....#######.......#######......##.
..######..#######.........########...##..
...######.######...........########.##...
....###########..............########....
######......#######.....#######........##
######......#######.....#######........##
######......#######.....#######........##
.######....#######.......#######......##.
..######..#######.........########...##..

#20

##....##..##....##..##....##..##....##..#
##....##..##....##..##....##..##....##..#
##....##..##....##..##....##..##....##..#
########..########..########..########..#
##....##..##....##..##....##..##....##..#
##....##..##....##..##....##..##....##..#
##....##..##....##..##....##..##....##..#
########..########..########..########..#
##....##..##....##..##....##..##....##..#
##....##..##....##..##....##..##....##..#
##....##..##....##..##....##..##....##..#
########..########..########..########..#
##....##..##....##..##....##..##....##..#
##....##..##....##..##....##..##....##..#
##....##..##....##..##....##..##....##..#
########..########..########..########..#
##....##..##....##..##....##..##....##..#
##....##..##....##..##....##..##....##..#
##....##..##....##..##....##..##....##..#
########..########..########..########..#
##....##..##....##..##....##..##....##..#
##....##..##....##..##....##..##....##..#
##....##..##....##..##....##..##....##..#
########..########..########..########..#
##....##..##....##..##....##..##....##..#
##....##..##....##..##....##..##....##..#
##....##..##....##..##....##..##....##..#
########..########..########..########..#
##....##..##....##..##....##..##....##..#
##....##..##....##..##....##..##....##..#
##....##..##....##..##....##..##....##..#
########..########..########..########..#
##....##..##....##..##....##..##....##..#
##....##..##....##..##....##..##....##..#
##....##..##....##..##....##..##....##..#
########..########..########..########..#
##....##..##....##..##....##..##....##..#
##....##..##....##..##....##..##....##..#
##....##..##....##..##....##..##....##..#
########..########..########..########..#
