width=40
height=40
startLeft=4
startTop=3
startBottom=4
startRight=7
startCenter=20,17

##.###.#####.###.#####.###.#####.###.###
....##.###....##.###....##.###....##.###
###.##.######.##.######.##.######.##.###
##.....#####.....#####...M.#####.....###
###....######....######....######..E.###
###....######....######....######....###
...E................E...................
###.##.######.##.######.##.######.##.###
###.##.######.##.######.##.######.##.###
###.##.######.##.######.##.######.##.###
##.###.#####.###.#####.###.#####.###.###
....##.###....##.###....##.###....##.###
###.##.######.##.######.##.######.##.###
##.....#####.....#####.....#####.....###
###....######....######....######....###
###....######....######....######....###
....M.....E.....................E.......
###.##.######.##.######.##.######.##.###
###.##.######.##.######.##.######.##.###
###.##.######.##.######.##.######.##.###
##.###.#####.###.#####.###.#####.###.###
....##.###....##.###....##.###....##.###
###.##.######.##.######.##.######.##.###
##.....#####.....#####.....#####.....###
###....######....######....######....###
###....######....######.E..######....###
...E...............E...............E....
###.##.######.##.######.##.######.##.###
###.##.######.##.######.##.######.##.###
###.##.######.##.######.##.######.##.###
##.###.#####.###.#####.###.#####.###.###
....##.###....##.###....##.###....##.###
###.##.######.##.######.##.######.##.###
##.....#####.....#####.....#####.....###
###....######....######..M.######....###
###....######....######....######....###
..........E......................E......
###.##.######.##.######.##.######.##.###
###.##.######.##.######.##.######.##.###
###.##.######.##.######.##.######.##.###
